
--------------------------------------------------
TXLib соболезнует...

Программа: C:\Users\user\Documents\VS_PROJECTS\Program_language\Backend\back.exe, файл: parse_tree_from_buffer_funcs.cpp, строка: 134, функция: Type GetNodeType(char*),

Сообщение: ВНЕЗАПНО: Логическая ошибка: Неверно, что "false".

#1: TXLib [Ver: 00173a, Rev: 174, Date: 2025-08-17 06:00:49 +0400], Instance: 0x00007FF638FC9FF0 (64-bit), Flags: cmdre0, Thread: 0x52F4 (Main). 

--------------------------------------------------
Стек вызовов:

# 0 0x00007FF638D0BEA3 in C:\Users\user\Documents\VS_PROJECTS\Program_language\Backend\back.exe: (anonymous namespace)::TX::_txError() at C:/CodeBlocks/MinGW_new/x86_64-w64-mingw32/include/TXLib.h:11090

# 1 0x00007FF638D205B5 in C:\Users\user\Documents\VS_PROJECTS\Program_language\Backend\back.exe: GetNodeType() at C:/Users/user/Documents/VS_PROJECTS/Program_language/Backend/parse_tree_from_buffer_funcs.cpp:134:

    132: 
    133:     //unreachable
=>  134:     assert(false);
    135:     return KEY_RETURN;
    136: }

# 2 0x00007FF638D20489 in C:\Users\user\Documents\VS_PROJECTS\Program_language\Backend\back.exe: RaedNode() at C:/Users/user/Documents/VS_PROJECTS/Program_language/Backend/parse_tree_from_buffer_funcs.cpp:117:

    115:     fprintf(log_file, "<strong>РўСѓС‚ Р¶Рµ РїРѕР»СѓС‡РёР» РёРјСЏ NAME:</strong> |%s|\n\n", ident_name);
    116: 
=>  117:     node->type = GetNodeType(ident_name);
    118:     node->lexeme.str.name = strdup(ident_name);
    119:     node->lexeme.str.hash = GetHash(ident_name);

# 3 0x00007FF638D1FFBE in C:\Users\user\Documents\VS_PROJECTS\Program_language\Backend\back.exe: FillNodeDataFromBuffer() at C:/Users/user/Documents/VS_PROJECTS/Program_language/Backend/parse_tree_from_buffer_funcs.cpp:35:

     33: 
     34:         Node* node = (Node*)calloc(1, sizeof(Node));
=>   35:         RaedNode(cur_pos, node);
     36:         node->parent = parent;
     37: 

# 4 0x00007FF638DC1994 in C:\Users\user\Documents\VS_PROJECTS\Program_language\Backend\back.exe: main() at C:/Users/user/Documents/VS_PROJECTS/Program_language/Backend/backend_main.cpp:25:

     23: 
     24:     char* cur_pos = buffer.data;
=>   25:     tree.root = FillNodeDataFromBuffer(&cur_pos, &tree.size, tree.root);
     26: 
     27:     TreeDump(&tree);

--------------------------------------------------
Developed with:

The Dumb Artist Library (TX Library)
TXLib [Ver: 00173a, Rev: 174, Date: 2025-08-17 06:00:49 +0400]
Copyright (C) Ded (Ilya Dedinsky, http://txlib.ru) <mail@txlib.ru>
See license on: http://txlib.ru

TXLib file:	C:/CodeBlocks/MinGW_new/x86_64-w64-mingw32/include/TXLib.h
Compiled:	Dec 19 2025 03:15:56, GNU g++ 13.2.0, std=201703L, MinGW-W64 Runtime 11.0.1 (alpha - rev. 0) 0000-00-00, 64-bit, Debug
Started:	Dec 19 2025 03:19:42

Run file:	C:\Users\user\Documents\VS_PROJECTS\Program_language\Backend\back.exe
Directory:	C:\Users\user\Documents\VS_PROJECTS\Program_language\Backend

--------------------------------------------------

--------------------------------------------------
TXLib соболезнует...

Программа: C:\Users\user\Documents\VS_PROJECTS\Program_language\Backend\back.exe, файл: parse_tree_from_buffer_funcs.cpp, строка: 135, функция: Type GetNodeType(char*),

Сообщение: ВНЕЗАПНО: Логическая ошибка: Неверно, что "false".

#1: TXLib [Ver: 00173a, Rev: 174, Date: 2025-08-17 06:00:49 +0400], Instance: 0x00007FF6439A9FF0 (64-bit), Flags: cmdre0, Thread: 0x1DE0 (Main). 

--------------------------------------------------
Стек вызовов:

# 0 0x00007FF6436EBEA3 in C:\Users\user\Documents\VS_PROJECTS\Program_language\Backend\back.exe: (anonymous namespace)::TX::_txError() at C:/CodeBlocks/MinGW_new/x86_64-w64-mingw32/include/TXLib.h:11090

# 1 0x00007FF6437005F3 in C:\Users\user\Documents\VS_PROJECTS\Program_language\Backend\back.exe: GetNodeType() at C:/Users/user/Documents/VS_PROJECTS/Program_language/Backend/parse_tree_from_buffer_funcs.cpp:135:

    133: 
    134:     //unreachable
=>  135:     assert(false);
    136:     return KEY_RETURN;
    137: }

# 2 0x00007FF643700489 in C:\Users\user\Documents\VS_PROJECTS\Program_language\Backend\back.exe: RaedNode() at C:/Users/user/Documents/VS_PROJECTS/Program_language/Backend/parse_tree_from_buffer_funcs.cpp:117:

    115:     fprintf(log_file, "<strong>РўСѓС‚ Р¶Рµ РїРѕР»СѓС‡РёР» РёРјСЏ NAME:</strong> |%s|\n\n", ident_name);
    116: 
=>  117:     node->type = GetNodeType(ident_name);
    118:     node->lexeme.str.name = strdup(ident_name);
    119:     node->lexeme.str.hash = GetHash(ident_name);

# 3 0x00007FF6436FFFBE in C:\Users\user\Documents\VS_PROJECTS\Program_language\Backend\back.exe: FillNodeDataFromBuffer() at C:/Users/user/Documents/VS_PROJECTS/Program_language/Backend/parse_tree_from_buffer_funcs.cpp:35:

     33: 
     34:         Node* node = (Node*)calloc(1, sizeof(Node));
=>   35:         RaedNode(cur_pos, node);
     36:         node->parent = parent;
     37: 

# 4 0x00007FF6437A19D4 in C:\Users\user\Documents\VS_PROJECTS\Program_language\Backend\back.exe: main() at C:/Users/user/Documents/VS_PROJECTS/Program_language/Backend/backend_main.cpp:25:

     23: 
     24:     char* cur_pos = buffer.data;
=>   25:     tree.root = FillNodeDataFromBuffer(&cur_pos, &tree.size, tree.root);
     26: 
     27:     TreeDump(&tree);

--------------------------------------------------
Developed with:

The Dumb Artist Library (TX Library)
TXLib [Ver: 00173a, Rev: 174, Date: 2025-08-17 06:00:49 +0400]
Copyright (C) Ded (Ilya Dedinsky, http://txlib.ru) <mail@txlib.ru>
See license on: http://txlib.ru

TXLib file:	C:/CodeBlocks/MinGW_new/x86_64-w64-mingw32/include/TXLib.h
Compiled:	Dec 19 2025 03:23:11, GNU g++ 13.2.0, std=201703L, MinGW-W64 Runtime 11.0.1 (alpha - rev. 0) 0000-00-00, 64-bit, Debug
Started:	Dec 19 2025 03:23:57

Run file:	C:\Users\user\Documents\VS_PROJECTS\Program_language\Backend\back.exe
Directory:	C:\Users\user\Documents\VS_PROJECTS\Program_language\Backend

--------------------------------------------------

--------------------------------------------------
TXLib соболезнует...

Программа: C:\Users\user\Documents\VS_PROJECTS\Program_language\Backend\back.exe, файл: parse_tree_from_buffer_funcs.cpp, строка: 135, функция: Type GetNodeType(char*),

Сообщение: ВНЕЗАПНО: Логическая ошибка: Неверно, что "false".

#1: TXLib [Ver: 00173a, Rev: 174, Date: 2025-08-17 06:00:49 +0400], Instance: 0x00007FF7E3CF9FF0 (64-bit), Flags: cmdre0, Thread: 0x814 (Main). 

--------------------------------------------------
Стек вызовов:

# 0 0x00007FF7E3A3BEA3 in C:\Users\user\Documents\VS_PROJECTS\Program_language\Backend\back.exe: (anonymous namespace)::TX::_txError() at C:/CodeBlocks/MinGW_new/x86_64-w64-mingw32/include/TXLib.h:11090

# 1 0x00007FF7E3A505F3 in C:\Users\user\Documents\VS_PROJECTS\Program_language\Backend\back.exe: GetNodeType() at C:/Users/user/Documents/VS_PROJECTS/Program_language/Backend/parse_tree_from_buffer_funcs.cpp:135:

    133: 
    134:     //unreachable
=>  135:     assert(false);
    136:     return KEY_RETURN;
    137: }

# 2 0x00007FF7E3A50489 in C:\Users\user\Documents\VS_PROJECTS\Program_language\Backend\back.exe: RaedNode() at C:/Users/user/Documents/VS_PROJECTS/Program_language/Backend/parse_tree_from_buffer_funcs.cpp:117:

    115:     fprintf(log_file, "<strong>РўСѓС‚ Р¶Рµ РїРѕР»СѓС‡РёР» РёРјСЏ NAME:</strong> |%s|\n\n", ident_name);
    116: 
=>  117:     node->type = GetNodeType(ident_name);
    118:     node->lexeme.str.name = strdup(ident_name);
    119:     node->lexeme.str.hash = GetHash(ident_name);

# 3 0x00007FF7E3A4FFBE in C:\Users\user\Documents\VS_PROJECTS\Program_language\Backend\back.exe: FillNodeDataFromBuffer() at C:/Users/user/Documents/VS_PROJECTS/Program_language/Backend/parse_tree_from_buffer_funcs.cpp:35:

     33: 
     34:         Node* node = (Node*)calloc(1, sizeof(Node));
=>   35:         RaedNode(cur_pos, node);
     36:         node->parent = parent;
     37: 

# 4 0x00007FF7E3A50054 in C:\Users\user\Documents\VS_PROJECTS\Program_language\Backend\back.exe: FillNodeDataFromBuffer() at C:/Users/user/Documents/VS_PROJECTS/Program_language/Backend/parse_tree_from_buffer_funcs.cpp:48:

     46:         fprintf(log_file, "<strong>РЈРІРµР»РёС‡РёР» СЂР°Р·РјРµСЂ SIZE:</strong> %llu \n\n", *size);
     47: 
=>   48:         node->left = FillNodeDataFromBuffer(cur_pos, size, node);
     49: 
     50:         fprintf(log_file, "<strong>Р—Р°РІРµСЂС€РёР» Р»РµРІС‹Р№ СѓР·РµР»:</strong> %p \n"

# 5 0x00007FF7E3AF1A0A in C:\Users\user\Documents\VS_PROJECTS\Program_language\Backend\back.exe: main() at C:/Users/user/Documents/VS_PROJECTS/Program_language/Backend/backend_main.cpp:25:

     23: 
     24:     char* cur_pos = buffer.data;
=>   25:     tree.root = FillNodeDataFromBuffer(&cur_pos, &tree.size, tree.root);
     26: 
     27:     printf("BUFFER: %s", cur_pos);

--------------------------------------------------
Developed with:

The Dumb Artist Library (TX Library)
TXLib [Ver: 00173a, Rev: 174, Date: 2025-08-17 06:00:49 +0400]
Copyright (C) Ded (Ilya Dedinsky, http://txlib.ru) <mail@txlib.ru>
See license on: http://txlib.ru

TXLib file:	C:/CodeBlocks/MinGW_new/x86_64-w64-mingw32/include/TXLib.h
Compiled:	Dec 19 2025 03:38:14, GNU g++ 13.2.0, std=201703L, MinGW-W64 Runtime 11.0.1 (alpha - rev. 0) 0000-00-00, 64-bit, Debug
Started:	Dec 19 2025 03:42:04

Run file:	C:\Users\user\Documents\VS_PROJECTS\Program_language\Backend\back.exe
Directory:	C:\Users\user\Documents\VS_PROJECTS\Program_language\Backend

--------------------------------------------------

--------------------------------------------------
TXLib соболезнует...

Программа: C:\Users\user\Documents\VS_PROJECTS\Program_language\Backend\back.exe, файл: parse_tree_in_asm_funcs.cpp, строка: 552, функция: size_t GetIndexOfFuncInNameTable(NameTable*, Lexeme*),

Сообщение: ВНЕЗАПНО: Логическая ошибка: Неверно, что "false".

#1: TXLib [Ver: 00173a, Rev: 174, Date: 2025-08-17 06:00:49 +0400], Instance: 0x00007FF754DE67D0 (64-bit), Flags: cmdre0, Thread: 0x21F0 (Main). 

--------------------------------------------------
Стек вызовов:

# 0 0x00007FF754B0BF53 in C:\Users\user\Documents\VS_PROJECTS\Program_language\Backend\back.exe: (anonymous namespace)::TX::_txError() at C:/CodeBlocks/MinGW_new/x86_64-w64-mingw32/include/TXLib.h:11090

# 1 0x00007FF754B22F55 in C:\Users\user\Documents\VS_PROJECTS\Program_language\Backend\back.exe: GetIndexOfFuncInNameTable() at C:/Users/user/Documents/VS_PROJECTS/Program_language/Backend/parse_tree_in_asm_funcs.cpp:552:

    550: 
    551:     //unreachable
=>  552:     assert(false);
    553:     return 0;
    554: }

# 2 0x00007FF754B232BD in C:\Users\user\Documents\VS_PROJECTS\Program_language\Backend\back.exe: PrintFuncName() at C:/Users/user/Documents/VS_PROJECTS/Program_language/Backend/parse_tree_in_asm_funcs.cpp:588:

    586:     assert(func_info);
    587: 
=>  588:     size_t index = GetIndexOfFuncInNameTable(name_table, func_info);
    589: 
    590:     fprintf(asm_file, ":%s", name_table->arr[index].func_ptr);

# 3 0x00007FF754B201AC in C:\Users\user\Documents\VS_PROJECTS\Program_language\Backend\back.exe: ParseAsmFunc() at C:/Users/user/Documents/VS_PROJECTS/Program_language/Backend/parse_tree_in_asm_funcs.cpp:43:

     41:     Lexeme func_info = node->lexeme;
     42: 
=>   43:     PrintFuncName(tree->name_table,  &func_info);
     44: 
     45:     ParseAsmOperator(tree, node->left, &func_info);

# 4 0x00007FF754B20020 in C:\Users\user\Documents\VS_PROJECTS\Program_language\Backend\back.exe: ParseAsmTreeInAsmFile() at C:/Users/user/Documents/VS_PROJECTS/Program_language/Backend/parse_tree_in_asm_funcs.cpp:23:

     21:     while(node->type == KEY_LBRACE)
     22:     {
=>   23:         ParseAsmFunc(tree, node->left);
     24:         node = node->right;
     25:     }

# 5 0x00007FF754C04F2D in C:\Users\user\Documents\VS_PROJECTS\Program_language\Backend\back.exe: main() at C:/Users/user/Documents/VS_PROJECTS/Program_language/Backend/backend_main.cpp:35:

     33:     TreeDump(&tree);
     34: 
=>   35:     ParseAsmTreeInAsmFile(&tree, tree.root);
     36: 
     37:     NameTableDtor(tree.name_table);

--------------------------------------------------
Developed with:

The Dumb Artist Library (TX Library)
TXLib [Ver: 00173a, Rev: 174, Date: 2025-08-17 06:00:49 +0400]
Copyright (C) Ded (Ilya Dedinsky, http://txlib.ru) <mail@txlib.ru>
See license on: http://txlib.ru

TXLib file:	C:/CodeBlocks/MinGW_new/x86_64-w64-mingw32/include/TXLib.h
Compiled:	Dec 19 2025 17:33:17, GNU g++ 13.2.0, std=201703L, MinGW-W64 Runtime 11.0.1 (alpha - rev. 0) 0000-00-00, 64-bit, Debug
Started:	Dec 19 2025 17:35:45

Run file:	C:\Users\user\Documents\VS_PROJECTS\Program_language\Backend\back.exe
Directory:	C:\Users\user\Documents\VS_PROJECTS\Program_language\Backend

--------------------------------------------------

--------------------------------------------------
TXLib соболезнует...

Программа: C:\Users\user\Documents\VS_PROJECTS\Program_language\Backend\back.exe, файл: parse_tree_in_asm_funcs.cpp, строка: 552, функция: size_t GetIndexOfFuncInNameTable(NameTable*, Lexeme*),

Сообщение: ВНЕЗАПНО: Логическая ошибка: Неверно, что "false".

#1: TXLib [Ver: 00173a, Rev: 174, Date: 2025-08-17 06:00:49 +0400], Instance: 0x00007FF78FF867D0 (64-bit), Flags: cmdre0, Thread: 0x1F74 (Main). 

--------------------------------------------------
Стек вызовов:

# 0 0x00007FF78FCABF53 in C:\Users\user\Documents\VS_PROJECTS\Program_language\Backend\back.exe: (anonymous namespace)::TX::_txError() at C:/CodeBlocks/MinGW_new/x86_64-w64-mingw32/include/TXLib.h:11090

# 1 0x00007FF78FCC2F55 in C:\Users\user\Documents\VS_PROJECTS\Program_language\Backend\back.exe: GetIndexOfFuncInNameTable() at C:/Users/user/Documents/VS_PROJECTS/Program_language/Backend/parse_tree_in_asm_funcs.cpp:552:

    550: 
    551:     //unreachable
=>  552:     assert(false);
    553:     return 0;
    554: }

# 2 0x00007FF78FCC32BD in C:\Users\user\Documents\VS_PROJECTS\Program_language\Backend\back.exe: PrintFuncName() at C:/Users/user/Documents/VS_PROJECTS/Program_language/Backend/parse_tree_in_asm_funcs.cpp:588:

    586:     assert(func_info);
    587: 
=>  588:     size_t index = GetIndexOfFuncInNameTable(name_table, func_info);
    589: 
    590:     fprintf(asm_file, ":%s", name_table->arr[index].func_ptr);

# 3 0x00007FF78FCC01AC in C:\Users\user\Documents\VS_PROJECTS\Program_language\Backend\back.exe: ParseAsmFunc() at C:/Users/user/Documents/VS_PROJECTS/Program_language/Backend/parse_tree_in_asm_funcs.cpp:43:

     41:     Lexeme func_info = node->lexeme;
     42: 
=>   43:     PrintFuncName(tree->name_table,  &func_info);
     44: 
     45:     ParseAsmOperator(tree, node->left, &func_info);

# 4 0x00007FF78FCC0020 in C:\Users\user\Documents\VS_PROJECTS\Program_language\Backend\back.exe: ParseAsmTreeInAsmFile() at C:/Users/user/Documents/VS_PROJECTS/Program_language/Backend/parse_tree_in_asm_funcs.cpp:23:

     21:     while(node->type == KEY_LBRACE)
     22:     {
=>   23:         ParseAsmFunc(tree, node->left);
     24:         node = node->right;
     25:     }

# 5 0x00007FF78FDA501D in C:\Users\user\Documents\VS_PROJECTS\Program_language\Backend\back.exe: main() at C:/Users/user/Documents/VS_PROJECTS/Program_language/Backend/backend_main.cpp:35:

     33:     TreeDump(&tree);
     34: 
=>   35:     ParseAsmTreeInAsmFile(&tree, tree.root);
     36: 
     37:     NameTableDtor(tree.name_table);

--------------------------------------------------
Developed with:

The Dumb Artist Library (TX Library)
TXLib [Ver: 00173a, Rev: 174, Date: 2025-08-17 06:00:49 +0400]
Copyright (C) Ded (Ilya Dedinsky, http://txlib.ru) <mail@txlib.ru>
See license on: http://txlib.ru

TXLib file:	C:/CodeBlocks/MinGW_new/x86_64-w64-mingw32/include/TXLib.h
Compiled:	Dec 19 2025 17:39:43, GNU g++ 13.2.0, std=201703L, MinGW-W64 Runtime 11.0.1 (alpha - rev. 0) 0000-00-00, 64-bit, Debug
Started:	Dec 19 2025 17:42:35

Run file:	C:\Users\user\Documents\VS_PROJECTS\Program_language\Backend\back.exe
Directory:	C:\Users\user\Documents\VS_PROJECTS\Program_language\Backend

--------------------------------------------------

--------------------------------------------------
TXLib соболезнует...

Программа: C:\Users\user\Documents\VS_PROJECTS\Program_language\Backend\back.exe, файл: parse_tree_in_asm_funcs.cpp, строка: 553, функция: size_t GetIndexOfFuncInNameTable(NameTable*, Lexeme*),

Сообщение: ВНЕЗАПНО: Логическая ошибка: Неверно, что "false".

#1: TXLib [Ver: 00173a, Rev: 174, Date: 2025-08-17 06:00:49 +0400], Instance: 0x00007FF621EE67D0 (64-bit), Flags: cmdre0, Thread: 0x16CC (Main). 

--------------------------------------------------
Стек вызовов:

# 0 0x00007FF621C0BF53 in C:\Users\user\Documents\VS_PROJECTS\Program_language\Backend\back.exe: (anonymous namespace)::TX::_txError() at C:/CodeBlocks/MinGW_new/x86_64-w64-mingw32/include/TXLib.h:11090

# 1 0x00007FF621C22F8E in C:\Users\user\Documents\VS_PROJECTS\Program_language\Backend\back.exe: GetIndexOfFuncInNameTable() at C:/Users/user/Documents/VS_PROJECTS/Program_language/Backend/parse_tree_in_asm_funcs.cpp:553:

    551: 
    552:     //unreachable
=>  553:     assert(false);
    554:     return 0;
    555: }

# 2 0x00007FF621C232F6 in C:\Users\user\Documents\VS_PROJECTS\Program_language\Backend\back.exe: PrintFuncName() at C:/Users/user/Documents/VS_PROJECTS/Program_language/Backend/parse_tree_in_asm_funcs.cpp:589:

    587:     assert(func_info);
    588: 
=>  589:     size_t index = GetIndexOfFuncInNameTable(name_table, func_info);
    590: 
    591:     fprintf(asm_file, ":%s", name_table->arr[index].func_ptr);

# 3 0x00007FF621C201AC in C:\Users\user\Documents\VS_PROJECTS\Program_language\Backend\back.exe: ParseAsmFunc() at C:/Users/user/Documents/VS_PROJECTS/Program_language/Backend/parse_tree_in_asm_funcs.cpp:43:

     41:     Lexeme func_info = node->lexeme;
     42: 
=>   43:     PrintFuncName(tree->name_table,  &func_info);
     44: 
     45:     ParseAsmOperator(tree, node->left, &func_info);

# 4 0x00007FF621C20020 in C:\Users\user\Documents\VS_PROJECTS\Program_language\Backend\back.exe: ParseAsmTreeInAsmFile() at C:/Users/user/Documents/VS_PROJECTS/Program_language/Backend/parse_tree_in_asm_funcs.cpp:23:

     21:     while(node->type == KEY_LBRACE)
     22:     {
=>   23:         ParseAsmFunc(tree, node->left);
     24:         node = node->right;
     25:     }

# 5 0x00007FF621D0504D in C:\Users\user\Documents\VS_PROJECTS\Program_language\Backend\back.exe: main() at C:/Users/user/Documents/VS_PROJECTS/Program_language/Backend/backend_main.cpp:35:

     33:     TreeDump(&tree);
     34: 
=>   35:     ParseAsmTreeInAsmFile(&tree, tree.root);
     36: 
     37:     NameTableDtor(tree.name_table);

--------------------------------------------------
Developed with:

The Dumb Artist Library (TX Library)
TXLib [Ver: 00173a, Rev: 174, Date: 2025-08-17 06:00:49 +0400]
Copyright (C) Ded (Ilya Dedinsky, http://txlib.ru) <mail@txlib.ru>
See license on: http://txlib.ru

TXLib file:	C:/CodeBlocks/MinGW_new/x86_64-w64-mingw32/include/TXLib.h
Compiled:	Dec 19 2025 17:44:36, GNU g++ 13.2.0, std=201703L, MinGW-W64 Runtime 11.0.1 (alpha - rev. 0) 0000-00-00, 64-bit, Debug
Started:	Dec 19 2025 17:45:15

Run file:	C:\Users\user\Documents\VS_PROJECTS\Program_language\Backend\back.exe
Directory:	C:\Users\user\Documents\VS_PROJECTS\Program_language\Backend

--------------------------------------------------

--------------------------------------------------
TXLib соболезнует...

Программа: C:\Users\user\Documents\VS_PROJECTS\Program_language\Backend\back.exe, файл: parse_tree_in_asm_funcs.cpp, строка: 554, функция: size_t GetIndexOfFuncInNameTable(NameTable*, Lexeme*),

Сообщение: ВНЕЗАПНО: Логическая ошибка: Неверно, что "false".

#1: TXLib [Ver: 00173a, Rev: 174, Date: 2025-08-17 06:00:49 +0400], Instance: 0x00007FF7992B67D0 (64-bit), Flags: cmdre0, Thread: 0x11C0 (Main). 

--------------------------------------------------
Стек вызовов:

# 0 0x00007FF798FDBF53 in C:\Users\user\Documents\VS_PROJECTS\Program_language\Backend\back.exe: (anonymous namespace)::TX::_txError() at C:/CodeBlocks/MinGW_new/x86_64-w64-mingw32/include/TXLib.h:11090

# 1 0x00007FF798FF2FC1 in C:\Users\user\Documents\VS_PROJECTS\Program_language\Backend\back.exe: GetIndexOfFuncInNameTable() at C:/Users/user/Documents/VS_PROJECTS/Program_language/Backend/parse_tree_in_asm_funcs.cpp:554:

    552: 
    553:     //unreachable
=>  554:     assert(false);
    555:     return 0;
    556: }

# 2 0x00007FF798FF3329 in C:\Users\user\Documents\VS_PROJECTS\Program_language\Backend\back.exe: PrintFuncName() at C:/Users/user/Documents/VS_PROJECTS/Program_language/Backend/parse_tree_in_asm_funcs.cpp:590:

    588:     assert(func_info);
    589: 
=>  590:     size_t index = GetIndexOfFuncInNameTable(name_table, func_info);
    591: 
    592:     fprintf(asm_file, ":%s", name_table->arr[index].func_ptr);

# 3 0x00007FF798FF01AC in C:\Users\user\Documents\VS_PROJECTS\Program_language\Backend\back.exe: ParseAsmFunc() at C:/Users/user/Documents/VS_PROJECTS/Program_language/Backend/parse_tree_in_asm_funcs.cpp:43:

     41:     Lexeme func_info = node->lexeme;
     42: 
=>   43:     PrintFuncName(tree->name_table,  &func_info);
     44: 
     45:     ParseAsmOperator(tree, node->left, &func_info);

# 4 0x00007FF798FF0020 in C:\Users\user\Documents\VS_PROJECTS\Program_language\Backend\back.exe: ParseAsmTreeInAsmFile() at C:/Users/user/Documents/VS_PROJECTS/Program_language/Backend/parse_tree_in_asm_funcs.cpp:23:

     21:     while(node->type == KEY_LBRACE)
     22:     {
=>   23:         ParseAsmFunc(tree, node->left);
     24:         node = node->right;
     25:     }

# 5 0x00007FF7990D508D in C:\Users\user\Documents\VS_PROJECTS\Program_language\Backend\back.exe: main() at C:/Users/user/Documents/VS_PROJECTS/Program_language/Backend/backend_main.cpp:35:

     33:     TreeDump(&tree);
     34: 
=>   35:     ParseAsmTreeInAsmFile(&tree, tree.root);
     36: 
     37:     NameTableDtor(tree.name_table);

--------------------------------------------------
Developed with:

The Dumb Artist Library (TX Library)
TXLib [Ver: 00173a, Rev: 174, Date: 2025-08-17 06:00:49 +0400]
Copyright (C) Ded (Ilya Dedinsky, http://txlib.ru) <mail@txlib.ru>
See license on: http://txlib.ru

TXLib file:	C:/CodeBlocks/MinGW_new/x86_64-w64-mingw32/include/TXLib.h
Compiled:	Dec 19 2025 17:46:54, GNU g++ 13.2.0, std=201703L, MinGW-W64 Runtime 11.0.1 (alpha - rev. 0) 0000-00-00, 64-bit, Debug
Started:	Dec 19 2025 17:47:28

Run file:	C:\Users\user\Documents\VS_PROJECTS\Program_language\Backend\back.exe
Directory:	C:\Users\user\Documents\VS_PROJECTS\Program_language\Backend

--------------------------------------------------

--------------------------------------------------
TXLib соболезнует...

Программа: C:\Users\user\Documents\VS_PROJECTS\Program_language\Backend\back.exe, файл: parse_tree_in_asm_funcs.cpp, строка: 555, функция: size_t GetIndexOfFuncInNameTable(NameTable*, Lexeme*),

Сообщение: ВНЕЗАПНО: Логическая ошибка: Неверно, что "false".

#1: TXLib [Ver: 00173a, Rev: 174, Date: 2025-08-17 06:00:49 +0400], Instance: 0x00007FF69A9067D0 (64-bit), Flags: cmdre0, Thread: 0x1F3C (Main), GetLastError(): 183 (Невозможно создать файл, так как он уже существует). 

--------------------------------------------------
Стек вызовов:

# 0 0x00007FF69A62BF53 in C:\Users\user\Documents\VS_PROJECTS\Program_language\Backend\back.exe: (anonymous namespace)::TX::_txError() at C:/CodeBlocks/MinGW_new/x86_64-w64-mingw32/include/TXLib.h:11090

# 1 0x00007FF69A642F55 in C:\Users\user\Documents\VS_PROJECTS\Program_language\Backend\back.exe: GetIndexOfFuncInNameTable() at C:/Users/user/Documents/VS_PROJECTS/Program_language/Backend/parse_tree_in_asm_funcs.cpp:555:

    553: 
    554:     //unreachable
=>  555:     assert(false);
    556:     return 0;
    557: }

# 2 0x00007FF69A643128 in C:\Users\user\Documents\VS_PROJECTS\Program_language\Backend\back.exe: ParseAsmCallFunc() at C:/Users/user/Documents/VS_PROJECTS/Program_language/Backend/parse_tree_in_asm_funcs.cpp:571:

    569:     Lexeme now_func = node->lexeme;
    570: 
=>  571:     size_t index = GetIndexOfFuncInNameTable(tree->name_table, &now_func);
    572:     //пока для одной переменной
    573: 

# 3 0x00007FF69A64168E in C:\Users\user\Documents\VS_PROJECTS\Program_language\Backend\back.exe: PrintNodeInAsmFile() at C:/Users/user/Documents/VS_PROJECTS/Program_language/Backend/parse_tree_in_asm_funcs.cpp:244:

    242:     if (ParseAsmEqual(tree, node, func_info) == success) return;
    243:     if (ParseAsmNotEqual(tree, node, func_info) == success) return;
=>  244:     if (ParseAsmCallFunc(tree, node, func_info) == success) return;
    245: 
    246: }

# 4 0x00007FF69A641386 in C:\Users\user\Documents\VS_PROJECTS\Program_language\Backend\back.exe: ParseAsmExpression() at C:/Users/user/Documents/VS_PROJECTS/Program_language/Backend/parse_tree_in_asm_funcs.cpp:221:

    219:         ParseAsmExpression(tree, node->right, func_info);
    220: 
=>  221:     PrintNodeInAsmFile(tree, node, func_info);
    222: }
    223: 

# 5 0x00007FF69A641347 in C:\Users\user\Documents\VS_PROJECTS\Program_language\Backend\back.exe: ParseAsmExpression() at C:/Users/user/Documents/VS_PROJECTS/Program_language/Backend/parse_tree_in_asm_funcs.cpp:216:

    214: 
    215:     if (node->left != NULL)
=>  216:         ParseAsmExpression(tree, node->left, func_info);
    217: 
    218:     if (node->right != NULL)

# 6 0x00007FF69A640AE5 in C:\Users\user\Documents\VS_PROJECTS\Program_language\Backend\back.exe: ParseAsmOut() at C:/Users/user/Documents/VS_PROJECTS/Program_language/Backend/parse_tree_in_asm_funcs.cpp:130:

    128:     fprintf(log_file, "Вызов ParseAsmOut\n");
    129: 
=>  130:     ParseAsmExpression(tree, node->left, func_info);
    131: 
    132:     fprintf(asm_file, "OUT\n");

# 7 0x00007FF69A6403FC in C:\Users\user\Documents\VS_PROJECTS\Program_language\Backend\back.exe: ParseAsmOperator() at C:/Users/user/Documents/VS_PROJECTS/Program_language/Backend/parse_tree_in_asm_funcs.cpp:73:

     71: 
     72:         if (node->left->type == KEY_OUT)
=>   73:             ParseAsmOut(tree, node->left, func_info);
     74: 
     75:         if (node->left->type == KEY_RETURN)

# 8 0x00007FF69A64005A in C:\Users\user\Documents\VS_PROJECTS\Program_language\Backend\back.exe: ParseAsmTreeInAsmFile() at C:/Users/user/Documents/VS_PROJECTS/Program_language/Backend/parse_tree_in_asm_funcs.cpp:28:

     26: 
     27:     Lexeme main = GetMainLexeme();
=>   28:     ParseAsmOperator(tree, node, &main);
     29: 
     30:     fclose(asm_file);

# 9 0x00007FF69A72501D in C:\Users\user\Documents\VS_PROJECTS\Program_language\Backend\back.exe: main() at C:/Users/user/Documents/VS_PROJECTS/Program_language/Backend/backend_main.cpp:35:

     33:     TreeDump(&tree);
     34: 
=>   35:     ParseAsmTreeInAsmFile(&tree, tree.root);
     36: 
     37:     NameTableDtor(tree.name_table);

--------------------------------------------------
Developed with:

The Dumb Artist Library (TX Library)
TXLib [Ver: 00173a, Rev: 174, Date: 2025-08-17 06:00:49 +0400]
Copyright (C) Ded (Ilya Dedinsky, http://txlib.ru) <mail@txlib.ru>
See license on: http://txlib.ru

TXLib file:	C:/CodeBlocks/MinGW_new/x86_64-w64-mingw32/include/TXLib.h
Compiled:	Dec 19 2025 18:12:24, GNU g++ 13.2.0, std=201703L, MinGW-W64 Runtime 11.0.1 (alpha - rev. 0) 0000-00-00, 64-bit, Debug
Started:	Dec 19 2025 18:13:48

Run file:	C:\Users\user\Documents\VS_PROJECTS\Program_language\Backend\back.exe
Directory:	C:\Users\user\Documents\VS_PROJECTS\Program_language\Backend

--------------------------------------------------

--------------------------------------------------
TXLib соболезнует...

Программа: C:\Users\user\Documents\VS_PROJECTS\Program_language\Backend\back.exe, файл: parse_tree_in_asm_funcs.cpp, строка: 555, функция: size_t GetIndexOfFuncInNameTable(NameTable*, Lexeme*),

Сообщение: ВНЕЗАПНО: Логическая ошибка: Неверно, что "false".

#1: TXLib [Ver: 00173a, Rev: 174, Date: 2025-08-17 06:00:49 +0400], Instance: 0x00007FF6D60467D0 (64-bit), Flags: cmdre0, Thread: 0x1948 (Main), GetLastError(): 183 (Невозможно создать файл, так как он уже существует). 

--------------------------------------------------
Стек вызовов:

# 0 0x00007FF6D5D6BF53 in C:\Users\user\Documents\VS_PROJECTS\Program_language\Backend\back.exe: (anonymous namespace)::TX::_txError() at C:/CodeBlocks/MinGW_new/x86_64-w64-mingw32/include/TXLib.h:11090

# 1 0x00007FF6D5D82FC1 in C:\Users\user\Documents\VS_PROJECTS\Program_language\Backend\back.exe: GetIndexOfFuncInNameTable() at C:/Users/user/Documents/VS_PROJECTS/Program_language/Backend/parse_tree_in_asm_funcs.cpp:555:

    553: 
    554:     //unreachable
=>  555:     assert(false);
    556:     return 0;
    557: }

# 2 0x00007FF6D5D83194 in C:\Users\user\Documents\VS_PROJECTS\Program_language\Backend\back.exe: ParseAsmCallFunc() at C:/Users/user/Documents/VS_PROJECTS/Program_language/Backend/parse_tree_in_asm_funcs.cpp:571:

    569:     Lexeme now_func = node->lexeme;
    570: 
=>  571:     size_t index = GetIndexOfFuncInNameTable(tree->name_table, &now_func);
    572:     //пока для одной переменной
    573: 

# 3 0x00007FF6D5D8168E in C:\Users\user\Documents\VS_PROJECTS\Program_language\Backend\back.exe: PrintNodeInAsmFile() at C:/Users/user/Documents/VS_PROJECTS/Program_language/Backend/parse_tree_in_asm_funcs.cpp:244:

    242:     if (ParseAsmEqual(tree, node, func_info) == success) return;
    243:     if (ParseAsmNotEqual(tree, node, func_info) == success) return;
=>  244:     if (ParseAsmCallFunc(tree, node, func_info) == success) return;
    245: 
    246: }

# 4 0x00007FF6D5D81386 in C:\Users\user\Documents\VS_PROJECTS\Program_language\Backend\back.exe: ParseAsmExpression() at C:/Users/user/Documents/VS_PROJECTS/Program_language/Backend/parse_tree_in_asm_funcs.cpp:221:

    219:         ParseAsmExpression(tree, node->right, func_info);
    220: 
=>  221:     PrintNodeInAsmFile(tree, node, func_info);
    222: }
    223: 

# 5 0x00007FF6D5D81347 in C:\Users\user\Documents\VS_PROJECTS\Program_language\Backend\back.exe: ParseAsmExpression() at C:/Users/user/Documents/VS_PROJECTS/Program_language/Backend/parse_tree_in_asm_funcs.cpp:216:

    214: 
    215:     if (node->left != NULL)
=>  216:         ParseAsmExpression(tree, node->left, func_info);
    217: 
    218:     if (node->right != NULL)

# 6 0x00007FF6D5D80AE5 in C:\Users\user\Documents\VS_PROJECTS\Program_language\Backend\back.exe: ParseAsmOut() at C:/Users/user/Documents/VS_PROJECTS/Program_language/Backend/parse_tree_in_asm_funcs.cpp:130:

    128:     fprintf(log_file, "Вызов ParseAsmOut\n");
    129: 
=>  130:     ParseAsmExpression(tree, node->left, func_info);
    131: 
    132:     fprintf(asm_file, "OUT\n");

# 7 0x00007FF6D5D803FC in C:\Users\user\Documents\VS_PROJECTS\Program_language\Backend\back.exe: ParseAsmOperator() at C:/Users/user/Documents/VS_PROJECTS/Program_language/Backend/parse_tree_in_asm_funcs.cpp:73:

     71: 
     72:         if (node->left->type == KEY_OUT)
=>   73:             ParseAsmOut(tree, node->left, func_info);
     74: 
     75:         if (node->left->type == KEY_RETURN)

# 8 0x00007FF6D5D8005A in C:\Users\user\Documents\VS_PROJECTS\Program_language\Backend\back.exe: ParseAsmTreeInAsmFile() at C:/Users/user/Documents/VS_PROJECTS/Program_language/Backend/parse_tree_in_asm_funcs.cpp:28:

     26: 
     27:     Lexeme main = GetMainLexeme();
=>   28:     ParseAsmOperator(tree, node, &main);
     29: 
     30:     fclose(asm_file);

# 9 0x00007FF6D5E6508D in C:\Users\user\Documents\VS_PROJECTS\Program_language\Backend\back.exe: main() at C:/Users/user/Documents/VS_PROJECTS/Program_language/Backend/backend_main.cpp:35:

     33:     TreeDump(&tree);
     34: 
=>   35:     ParseAsmTreeInAsmFile(&tree, tree.root);
     36: 
     37:     NameTableDtor(tree.name_table);

--------------------------------------------------
Developed with:

The Dumb Artist Library (TX Library)
TXLib [Ver: 00173a, Rev: 174, Date: 2025-08-17 06:00:49 +0400]
Copyright (C) Ded (Ilya Dedinsky, http://txlib.ru) <mail@txlib.ru>
See license on: http://txlib.ru

TXLib file:	C:/CodeBlocks/MinGW_new/x86_64-w64-mingw32/include/TXLib.h
Compiled:	Dec 19 2025 18:15:24, GNU g++ 13.2.0, std=201703L, MinGW-W64 Runtime 11.0.1 (alpha - rev. 0) 0000-00-00, 64-bit, Debug
Started:	Dec 19 2025 18:48:55

Run file:	C:\Users\user\Documents\VS_PROJECTS\Program_language\Backend\back.exe
Directory:	C:\Users\user\Documents\VS_PROJECTS\Program_language\Backend

--------------------------------------------------

--------------------------------------------------
TXLib соболезнует...

Программа: C:\Users\user\Documents\VS_PROJECTS\Program_language\Backend\back.exe, файл: parse_tree_in_asm_funcs.cpp, строка: 555, функция: size_t GetIndexOfFuncInNameTable(NameTable*, Lexeme*),

Сообщение: ВНЕЗАПНО: Логическая ошибка: Неверно, что "false".

#1: TXLib [Ver: 00173a, Rev: 174, Date: 2025-08-17 06:00:49 +0400], Instance: 0x00007FF6D60467D0 (64-bit), Flags: cmdre0, Thread: 0x1958 (Main), GetLastError(): 183 (Невозможно создать файл, так как он уже существует). 

--------------------------------------------------
Стек вызовов:

# 0 0x00007FF6D5D6BF53 in C:\Users\user\Documents\VS_PROJECTS\Program_language\Backend\back.exe: (anonymous namespace)::TX::_txError() at C:/CodeBlocks/MinGW_new/x86_64-w64-mingw32/include/TXLib.h:11090

# 1 0x00007FF6D5D82FC1 in C:\Users\user\Documents\VS_PROJECTS\Program_language\Backend\back.exe: GetIndexOfFuncInNameTable() at C:/Users/user/Documents/VS_PROJECTS/Program_language/Backend/parse_tree_in_asm_funcs.cpp:555:

    553: 
    554:     //unreachable
=>  555:     assert(false);
    556:     return 0;
    557: }

# 2 0x00007FF6D5D83194 in C:\Users\user\Documents\VS_PROJECTS\Program_language\Backend\back.exe: ParseAsmCallFunc() at C:/Users/user/Documents/VS_PROJECTS/Program_language/Backend/parse_tree_in_asm_funcs.cpp:571:

    569:     Lexeme now_func = node->lexeme;
    570: 
=>  571:     size_t index = GetIndexOfFuncInNameTable(tree->name_table, &now_func);
    572:     //пока для одной переменной
    573: 

# 3 0x00007FF6D5D8168E in C:\Users\user\Documents\VS_PROJECTS\Program_language\Backend\back.exe: PrintNodeInAsmFile() at C:/Users/user/Documents/VS_PROJECTS/Program_language/Backend/parse_tree_in_asm_funcs.cpp:244:

    242:     if (ParseAsmEqual(tree, node, func_info) == success) return;
    243:     if (ParseAsmNotEqual(tree, node, func_info) == success) return;
=>  244:     if (ParseAsmCallFunc(tree, node, func_info) == success) return;
    245: 
    246: }

# 4 0x00007FF6D5D81386 in C:\Users\user\Documents\VS_PROJECTS\Program_language\Backend\back.exe: ParseAsmExpression() at C:/Users/user/Documents/VS_PROJECTS/Program_language/Backend/parse_tree_in_asm_funcs.cpp:221:

    219:         ParseAsmExpression(tree, node->right, func_info);
    220: 
=>  221:     PrintNodeInAsmFile(tree, node, func_info);
    222: }
    223: 

# 5 0x00007FF6D5D81347 in C:\Users\user\Documents\VS_PROJECTS\Program_language\Backend\back.exe: ParseAsmExpression() at C:/Users/user/Documents/VS_PROJECTS/Program_language/Backend/parse_tree_in_asm_funcs.cpp:216:

    214: 
    215:     if (node->left != NULL)
=>  216:         ParseAsmExpression(tree, node->left, func_info);
    217: 
    218:     if (node->right != NULL)

# 6 0x00007FF6D5D80AE5 in C:\Users\user\Documents\VS_PROJECTS\Program_language\Backend\back.exe: ParseAsmOut() at C:/Users/user/Documents/VS_PROJECTS/Program_language/Backend/parse_tree_in_asm_funcs.cpp:130:

    128:     fprintf(log_file, "Вызов ParseAsmOut\n");
    129: 
=>  130:     ParseAsmExpression(tree, node->left, func_info);
    131: 
    132:     fprintf(asm_file, "OUT\n");

# 7 0x00007FF6D5D803FC in C:\Users\user\Documents\VS_PROJECTS\Program_language\Backend\back.exe: ParseAsmOperator() at C:/Users/user/Documents/VS_PROJECTS/Program_language/Backend/parse_tree_in_asm_funcs.cpp:73:

     71: 
     72:         if (node->left->type == KEY_OUT)
=>   73:             ParseAsmOut(tree, node->left, func_info);
     74: 
     75:         if (node->left->type == KEY_RETURN)

# 8 0x00007FF6D5D8005A in C:\Users\user\Documents\VS_PROJECTS\Program_language\Backend\back.exe: ParseAsmTreeInAsmFile() at C:/Users/user/Documents/VS_PROJECTS/Program_language/Backend/parse_tree_in_asm_funcs.cpp:28:

     26: 
     27:     Lexeme main = GetMainLexeme();
=>   28:     ParseAsmOperator(tree, node, &main);
     29: 
     30:     fclose(asm_file);

# 9 0x00007FF6D5E6508D in C:\Users\user\Documents\VS_PROJECTS\Program_language\Backend\back.exe: main() at C:/Users/user/Documents/VS_PROJECTS/Program_language/Backend/backend_main.cpp:35:

     33:     TreeDump(&tree);
     34: 
=>   35:     ParseAsmTreeInAsmFile(&tree, tree.root);
     36: 
     37:     NameTableDtor(tree.name_table);

--------------------------------------------------
Developed with:

The Dumb Artist Library (TX Library)
TXLib [Ver: 00173a, Rev: 174, Date: 2025-08-17 06:00:49 +0400]
Copyright (C) Ded (Ilya Dedinsky, http://txlib.ru) <mail@txlib.ru>
See license on: http://txlib.ru

TXLib file:	C:/CodeBlocks/MinGW_new/x86_64-w64-mingw32/include/TXLib.h
Compiled:	Dec 19 2025 18:15:24, GNU g++ 13.2.0, std=201703L, MinGW-W64 Runtime 11.0.1 (alpha - rev. 0) 0000-00-00, 64-bit, Debug
Started:	Dec 19 2025 18:49:22

Run file:	C:\Users\user\Documents\VS_PROJECTS\Program_language\Backend\back.exe
Directory:	C:\Users\user\Documents\VS_PROJECTS\Program_language\Backend

--------------------------------------------------

--------------------------------------------------
TXLib соболезнует...

Программа: C:\Users\user\Documents\VS_PROJECTS\Program_language\Backend\back.exe, файл: parse_tree_in_asm_funcs.cpp, строка: 555, функция: size_t GetIndexOfFuncInNameTable(NameTable*, Lexeme*),

Сообщение: ВНЕЗАПНО: Логическая ошибка: Неверно, что "false".

#1: TXLib [Ver: 00173a, Rev: 174, Date: 2025-08-17 06:00:49 +0400], Instance: 0x00007FF664B467D0 (64-bit), Flags: cmdre0, Thread: 0x1298 (Main), GetLastError(): 183 (Невозможно создать файл, так как он уже существует). 

--------------------------------------------------
Стек вызовов:

# 0 0x00007FF66486BF53 in C:\Users\user\Documents\VS_PROJECTS\Program_language\Backend\back.exe: (anonymous namespace)::TX::_txError() at C:/CodeBlocks/MinGW_new/x86_64-w64-mingw32/include/TXLib.h:11090

# 1 0x00007FF664882FC1 in C:\Users\user\Documents\VS_PROJECTS\Program_language\Backend\back.exe: GetIndexOfFuncInNameTable() at C:/Users/user/Documents/VS_PROJECTS/Program_language/Backend/parse_tree_in_asm_funcs.cpp:555:

    553: 
    554:     //unreachable
=>  555:     assert(false);
    556:     return 0;
    557: }

# 2 0x00007FF6648831AE in C:\Users\user\Documents\VS_PROJECTS\Program_language\Backend\back.exe: ParseAsmCallFunc() at C:/Users/user/Documents/VS_PROJECTS/Program_language/Backend/parse_tree_in_asm_funcs.cpp:572:

    570:     printf("LEXEME: %s\n", node->lexeme.str.name);
    571: 
=>  572:     size_t index = GetIndexOfFuncInNameTable(tree->name_table, &now_func);
    573:     //пока для одной переменной
    574: 

# 3 0x00007FF66488168E in C:\Users\user\Documents\VS_PROJECTS\Program_language\Backend\back.exe: PrintNodeInAsmFile() at C:/Users/user/Documents/VS_PROJECTS/Program_language/Backend/parse_tree_in_asm_funcs.cpp:244:

    242:     if (ParseAsmEqual(tree, node, func_info) == success) return;
    243:     if (ParseAsmNotEqual(tree, node, func_info) == success) return;
=>  244:     if (ParseAsmCallFunc(tree, node, func_info) == success) return;
    245: 
    246: }

# 4 0x00007FF664881386 in C:\Users\user\Documents\VS_PROJECTS\Program_language\Backend\back.exe: ParseAsmExpression() at C:/Users/user/Documents/VS_PROJECTS/Program_language/Backend/parse_tree_in_asm_funcs.cpp:221:

    219:         ParseAsmExpression(tree, node->right, func_info);
    220: 
=>  221:     PrintNodeInAsmFile(tree, node, func_info);
    222: }
    223: 

# 5 0x00007FF664881347 in C:\Users\user\Documents\VS_PROJECTS\Program_language\Backend\back.exe: ParseAsmExpression() at C:/Users/user/Documents/VS_PROJECTS/Program_language/Backend/parse_tree_in_asm_funcs.cpp:216:

    214: 
    215:     if (node->left != NULL)
=>  216:         ParseAsmExpression(tree, node->left, func_info);
    217: 
    218:     if (node->right != NULL)

# 6 0x00007FF664880AE5 in C:\Users\user\Documents\VS_PROJECTS\Program_language\Backend\back.exe: ParseAsmOut() at C:/Users/user/Documents/VS_PROJECTS/Program_language/Backend/parse_tree_in_asm_funcs.cpp:130:

    128:     fprintf(log_file, "Вызов ParseAsmOut\n");
    129: 
=>  130:     ParseAsmExpression(tree, node->left, func_info);
    131: 
    132:     fprintf(asm_file, "OUT\n");

# 7 0x00007FF6648803FC in C:\Users\user\Documents\VS_PROJECTS\Program_language\Backend\back.exe: ParseAsmOperator() at C:/Users/user/Documents/VS_PROJECTS/Program_language/Backend/parse_tree_in_asm_funcs.cpp:73:

     71: 
     72:         if (node->left->type == KEY_OUT)
=>   73:             ParseAsmOut(tree, node->left, func_info);
     74: 
     75:         if (node->left->type == KEY_RETURN)

# 8 0x00007FF66488005A in C:\Users\user\Documents\VS_PROJECTS\Program_language\Backend\back.exe: ParseAsmTreeInAsmFile() at C:/Users/user/Documents/VS_PROJECTS/Program_language/Backend/parse_tree_in_asm_funcs.cpp:28:

     26: 
     27:     Lexeme main = GetMainLexeme();
=>   28:     ParseAsmOperator(tree, node, &main);
     29: 
     30:     fclose(asm_file);

# 9 0x00007FF66496509D in C:\Users\user\Documents\VS_PROJECTS\Program_language\Backend\back.exe: main() at C:/Users/user/Documents/VS_PROJECTS/Program_language/Backend/backend_main.cpp:35:

     33:     TreeDump(&tree);
     34: 
=>   35:     ParseAsmTreeInAsmFile(&tree, tree.root);
     36: 
     37:     NameTableDtor(tree.name_table);

--------------------------------------------------
Developed with:

The Dumb Artist Library (TX Library)
TXLib [Ver: 00173a, Rev: 174, Date: 2025-08-17 06:00:49 +0400]
Copyright (C) Ded (Ilya Dedinsky, http://txlib.ru) <mail@txlib.ru>
See license on: http://txlib.ru

TXLib file:	C:/CodeBlocks/MinGW_new/x86_64-w64-mingw32/include/TXLib.h
Compiled:	Dec 19 2025 18:56:49, GNU g++ 13.2.0, std=201703L, MinGW-W64 Runtime 11.0.1 (alpha - rev. 0) 0000-00-00, 64-bit, Debug
Started:	Dec 19 2025 18:57:23

Run file:	C:\Users\user\Documents\VS_PROJECTS\Program_language\Backend\back.exe
Directory:	C:\Users\user\Documents\VS_PROJECTS\Program_language\Backend

--------------------------------------------------

--------------------------------------------------
TXLib соболезнует...

Программа: C:\Users\user\Documents\VS_PROJECTS\Program_language\Backend\back.exe, файл: parse_tree_in_asm_funcs.cpp, строка: 117, функция: void ParseAsmEnd(Tree*, Node*, Lexeme*),

Сообщение: ВНЕЗАПНО: Логическая ошибка: Неверно, что "node".

#1: TXLib [Ver: 00173a, Rev: 174, Date: 2025-08-17 06:00:49 +0400], Instance: 0x00007FF722CD67D0 (64-bit), Flags: cmdre0, Thread: 0xE40 (Main), GetLastError(): 183 (Невозможно создать файл, так как он уже существует). 

--------------------------------------------------
Стек вызовов:

# 0 0x00007FF7229FBF53 in C:\Users\user\Documents\VS_PROJECTS\Program_language\Backend\back.exe: (anonymous namespace)::TX::_txError() at C:/CodeBlocks/MinGW_new/x86_64-w64-mingw32/include/TXLib.h:11090

# 1 0x00007FF722A1088F in C:\Users\user\Documents\VS_PROJECTS\Program_language\Backend\back.exe: ParseAsmEnd() at C:/Users/user/Documents/VS_PROJECTS/Program_language/Backend/parse_tree_in_asm_funcs.cpp:117:

    115: {
    116:     assert(tree);
=>  117:     assert(node);
    118:     assert(func_info);
    119: 

# 2 0x00007FF722A104AD in C:\Users\user\Documents\VS_PROJECTS\Program_language\Backend\back.exe: ParseAsmOperator() at C:/Users/user/Documents/VS_PROJECTS/Program_language/Backend/parse_tree_in_asm_funcs.cpp:72:

     70:         if (node->type == KEY_END)
     71:         {
=>   72:             ParseAsmEnd(tree, node->left, func_info);
     73:             return;
     74:         }

# 3 0x00007FF722A110C4 in C:\Users\user\Documents\VS_PROJECTS\Program_language\Backend\back.exe: ParseAsmIf() at C:/Users/user/Documents/VS_PROJECTS/Program_language/Backend/parse_tree_in_asm_funcs.cpp:186:

    184:     fprintf(asm_file, "JE :endif_%d\n", counter);
    185: 
=>  186:     ParseAsmOperator(tree, node->right, func_info);
    187: 
    188:     fprintf(asm_file, ":endif_%d\n\n", counter);

# 4 0x00007FF722A10554 in C:\Users\user\Documents\VS_PROJECTS\Program_language\Backend\back.exe: ParseAsmOperator() at C:/Users/user/Documents/VS_PROJECTS/Program_language/Backend/parse_tree_in_asm_funcs.cpp:83:

     81: 
     82:         if (node->left->type == KEY_IF && node->left->right->type != KEY_ELSE)
=>   83:             ParseAsmIf(tree, node->left, func_info);
     84: 
     85:         if (node->left->type == KEY_WHILE)

# 5 0x00007FF722A1020D in C:\Users\user\Documents\VS_PROJECTS\Program_language\Backend\back.exe: ParseMain() at C:/Users/user/Documents/VS_PROJECTS/Program_language/Backend/parse_tree_in_asm_funcs.cpp:43:

     41:         node = node->right;
     42: 
=>   43:     ParseAsmOperator(tree, node, main);
     44:     fprintf(asm_file, "HLT\n\n");
     45: }

# 6 0x00007FF722A1002D in C:\Users\user\Documents\VS_PROJECTS\Program_language\Backend\back.exe: ParseAsmTreeInAsmFile() at C:/Users/user/Documents/VS_PROJECTS/Program_language/Backend/parse_tree_in_asm_funcs.cpp:22:

     20: 
     21:     Lexeme main = GetMainLexeme();
=>   22:     ParseMain(tree, node, &main);
     23: 
     24:     while(node->type == KEY_LBRACE)

# 7 0x00007FF722AF56A5 in C:\Users\user\Documents\VS_PROJECTS\Program_language\Backend\back.exe: main() at C:/Users/user/Documents/VS_PROJECTS/Program_language/Backend/backend_main.cpp:36:

     34:     TreeDump(&tree);
     35: 
=>   36:     ParseAsmTreeInAsmFile(&tree, tree.root);
     37: 
     38:     NameTableDtor(tree.name_table);

--------------------------------------------------
Developed with:

The Dumb Artist Library (TX Library)
TXLib [Ver: 00173a, Rev: 174, Date: 2025-08-17 06:00:49 +0400]
Copyright (C) Ded (Ilya Dedinsky, http://txlib.ru) <mail@txlib.ru>
See license on: http://txlib.ru

TXLib file:	C:/CodeBlocks/MinGW_new/x86_64-w64-mingw32/include/TXLib.h
Compiled:	Dec 20 2025 10:21:26, GNU g++ 13.2.0, std=201703L, MinGW-W64 Runtime 11.0.1 (alpha - rev. 0) 0000-00-00, 64-bit, Debug
Started:	Dec 20 2025 10:29:20

Run file:	C:\Users\user\Documents\VS_PROJECTS\Program_language\Backend\back.exe
Directory:	C:\Users\user\Documents\VS_PROJECTS\Program_language\Backend

--------------------------------------------------

--------------------------------------------------
TXLib соболезнует...

Программа: C:\Users\user\Documents\VS_PROJECTS\Program_language\Backend\back.exe, файл: parse_tree_in_asm_funcs.cpp, строка: 15, функция: void ParseAsmTreeInAsmFile(Tree*, Node*),

Сообщение: ВНЕЗАПНО: Логическая ошибка: Неверно, что "node".

#1: TXLib [Ver: 00173a, Rev: 174, Date: 2025-08-17 06:00:49 +0400], Instance: 0x00007FF6D1AA77D0 (64-bit), Flags: cmdre0, Thread: 0x740 (Main), GetLastError(): 183 (Невозможно создать файл, так как он уже существует). 

--------------------------------------------------
Стек вызовов:

# 0 0x00007FF6D17CBF53 in C:\Users\user\Documents\VS_PROJECTS\Program_language\Backend\back.exe: (anonymous namespace)::TX::_txError() at C:/CodeBlocks/MinGW_new/x86_64-w64-mingw32/include/TXLib.h:11090

# 1 0x00007FF6D17DFFA6 in C:\Users\user\Documents\VS_PROJECTS\Program_language\Backend\back.exe: ParseAsmTreeInAsmFile() at C:/Users/user/Documents/VS_PROJECTS/Program_language/Backend/parse_tree_in_asm_funcs.cpp:15:

     13: {
     14:     assert(tree);
=>   15:     assert(node);
     16: 
     17:     fprintf(log_file, "Вызов ParseAsmTreeInAsmFile\n");

# 2 0x00007FF6D18C5F4A in C:\Users\user\Documents\VS_PROJECTS\Program_language\Backend\back.exe: main() at C:/Users/user/Documents/VS_PROJECTS/Program_language/Backend/backend_main.cpp:36:

     34:     TreeDump(&tree);
     35: 
=>   36:     ParseAsmTreeInAsmFile(&tree, tree.root);
     37: 
     38:     NameTableDtor(tree.name_table);

--------------------------------------------------
Developed with:

The Dumb Artist Library (TX Library)
TXLib [Ver: 00173a, Rev: 174, Date: 2025-08-17 06:00:49 +0400]
Copyright (C) Ded (Ilya Dedinsky, http://txlib.ru) <mail@txlib.ru>
See license on: http://txlib.ru

TXLib file:	C:/CodeBlocks/MinGW_new/x86_64-w64-mingw32/include/TXLib.h
Compiled:	Dec 20 2025 15:41:25, GNU g++ 13.2.0, std=201703L, MinGW-W64 Runtime 11.0.1 (alpha - rev. 0) 0000-00-00, 64-bit, Debug
Started:	Dec 20 2025 17:06:30

Run file:	C:\Users\user\Documents\VS_PROJECTS\Program_language\Backend\back.exe
Directory:	C:\Users\user\Documents\VS_PROJECTS\Program_language\Backend

--------------------------------------------------
